\BOOKMARK [1][-]{section.1}{\376\377\140\073\117\123\147\266\147\204}{}% 1
\BOOKMARK [1][-]{section.2}{\376\377\173\054\116\000\153\145\377\032\000C\000A\000D\000F\000E\000K\000O\000\040\136\372\152\041}{}% 2
\BOOKMARK [2][-]{subsection.2.1}{\376\377\121\340\117\125\117\123\122\033\136\372}{section.2}% 3
\BOOKMARK [2][-]{subsection.2.2}{\376\377\147\120\215\050\116\016\177\121\150\074}{section.2}% 4
\BOOKMARK [2][-]{subsection.2.3}{\376\377\154\102\211\343\213\276\177\156}{section.2}% 5
\BOOKMARK [2][-]{subsection.2.4}{\376\377\133\374\121\372}{section.2}% 6
\BOOKMARK [1][-]{section.3}{\376\377\173\054\116\214\153\145\377\032\000E\000D\000I\000T\000F\000E\000K\000O\000\040\201\032\147\054\177\026\217\221}{}% 7
\BOOKMARK [2][-]{subsection.3.1}{\376\377\226\065\122\027\000\040\000T\000G\000\040\131\015\122\066\137\252\163\257}{section.3}% 8
\BOOKMARK [2][-]{subsection.3.2}{\376\377\123\321\134\004\156\220\000\040\000T\000G\000\040\000\050\142\171\221\317\116\377\167\037\165\050\000\051}{section.3}% 9
\BOOKMARK [2][-]{subsection.3.3}{\376\377\000S\000\040\123\302\145\160\221\115\177\156}{section.3}% 10
\BOOKMARK [1][-]{section.4}{\376\377\173\054\116\011\153\145\377\032\000F\000E\000K\000O\000\040\124\175\116\344\210\114\154\102\211\343}{}% 11
\BOOKMARK [1][-]{section.5}{\376\377\173\054\126\333\153\145\377\032\131\032\160\271\142\171\221\317\201\352\122\250\123\026}{}% 12
\BOOKMARK [2][-]{subsection.5.1}{\376\377\000M\000A\000T\000L\000A\000B\000:\000\040\000g\000e\000n\000\137\000m\000u\000l\000t\000i\000\137\000p\000r\000e\000.\000m}{section.5}% 13
\BOOKMARK [2][-]{subsection.5.2}{\376\377\176\310\172\357\142\147\210\114}{section.5}% 14
\BOOKMARK [1][-]{section.6}{\376\377\173\054\116\224\153\145\377\032\000M\000A\000T\000L\000A\000B\000\040\124\016\131\004\164\006}{}% 15
\BOOKMARK [2][-]{subsection.6.1}{\376\377\000b\000a\000t\000c\000h\000\137\000p\000r\000o\000c\000e\000s\000s\000.\000m\000\040\142\147\210\114\155\101\172\013}{section.6}% 16
\BOOKMARK [1][-]{section.7}{\376\377\173\054\121\155\153\145\377\032\000P\000y\000t\000h\000o\000n\000\040\123\357\211\306\123\026}{}% 17
\BOOKMARK [1][-]{section.8}{\376\377\173\054\116\003\153\145\377\032\144\260\121\231\116\377\167\037\213\260\137\125}{}% 18
\BOOKMARK [1][-]{section.9}{\376\377\121\163\225\056\142\200\147\057\176\306\202\202}{}% 19
\BOOKMARK [2][-]{subsection.9.1}{\376\377\000R\000E\000V\000\040\173\227\154\325}{section.9}% 20
\BOOKMARK [2][-]{subsection.9.2}{\376\377\0003\000D\000\040\000M\000U\000S\000I\000C}{section.9}% 21
\BOOKMARK [2][-]{subsection.9.3}{\376\377\0003\000D\000\040\000C\000B\000F}{section.9}% 22
\BOOKMARK [2][-]{subsection.9.4}{\376\377\172\357\123\343\177\026\123\367\211\304\122\031}{section.9}% 23
\BOOKMARK [2][-]{subsection.9.5}{\376\377\220\177\127\121\143\007\123\127}{section.9}% 24
\BOOKMARK [1][-]{section.10}{\376\377\167\001\155\101\162\110\217\320\210\114\155\101\172\013}{}% 25
