\BOOKMARK [1][-]{section.1}{\376\377\133\236\232\214\166\356\166\204\116\016\142\245\124\112\203\003\126\364}{}% 1
\BOOKMARK [1][-]{section.2}{\376\377\133\236\232\214\174\373\176\337\116\016\155\113\221\317\127\072\146\157}{}% 2
\BOOKMARK [2][-]{subsection.2.1}{\376\377\170\154\116\366\116\016\142\153\230\221\213\276\177\156}{section.2}% 3
\BOOKMARK [2][-]{subsection.2.2}{\376\377\131\032\172\331\121\340\117\125\116\016\145\160\143\156\203\003\126\364}{section.2}% 4
\BOOKMARK [1][-]{section.3}{\376\377\126\333\122\006\145\057\131\015\124\315\136\224\140\142\131\015\145\271\154\325}{}% 5
\BOOKMARK [2][-]{subsection.3.1}{\376\377\000B\000r\000a\000n\000c\000h\000\040\0001\377\032\131\015\145\160\000\040\000D\000F\000T\000\040\123\302\200\003}{section.3}% 6
\BOOKMARK [2][-]{subsection.3.2}{\376\377\000B\000r\000a\000n\000c\000h\000\040\0002\377\032\000O\000n\000/\000O\000f\000f\000\040\166\364\143\245\155\113\221\317}{section.3}% 7
\BOOKMARK [2][-]{subsection.3.3}{\376\377\000B\000r\000a\000n\000c\000h\000\040\0003\377\032\000H\000a\000d\000a\000m\000a\000r\000d\000\040\153\143\116\244\177\026\170\001}{section.3}% 8
\BOOKMARK [2][-]{subsection.3.4}{\376\377\000B\000r\000a\000n\000c\000h\000\040\0004\377\032\116\045\150\074\122\237\163\207\000\040\000R\000E\000V}{section.3}% 9
\BOOKMARK [1][-]{section.4}{\376\377\153\324\217\203\143\007\150\007\060\001\000A\000O\000A\000\040\116\016\133\232\117\115\145\271\154\325}{}% 10
\BOOKMARK [2][-]{subsection.4.1}{\376\377\131\015\124\315\136\224\116\000\201\364\140\047}{section.4}% 11
\BOOKMARK [2][-]{subsection.4.2}{\376\377\133\275\136\046\000\040\000A\000O\000A}{section.4}% 12
\BOOKMARK [2][-]{subsection.4.3}{\376\377\131\032\172\331\121\340\117\125\133\232\117\115}{section.4}% 13
\BOOKMARK [1][-]{section.5}{\376\377\150\007\121\306\126\333\122\006\145\057\176\323\147\234}{}% 14
\BOOKMARK [2][-]{subsection.5.1}{\376\377\131\015\124\315\136\224\116\000\201\364\140\047}{section.5}% 15
\BOOKMARK [2][-]{subsection.5.2}{\376\377\123\125\172\331\000\040\000A\000O\000A}{section.5}% 16
\BOOKMARK [2][-]{subsection.5.3}{\376\377\126\333\172\331\133\232\117\115}{section.5}% 17
\BOOKMARK [1][-]{section.6}{\376\377\000B\000r\000a\000n\000c\000h\000\040\0004\000\040\121\150\166\370\171\373\133\120\226\306\172\167\116\076}{}% 18
\BOOKMARK [2][-]{subsection.6.1}{\376\377\172\167\116\076\172\172\225\364\116\016\133\214\145\164\140\047}{section.6}% 19
\BOOKMARK [2][-]{subsection.6.2}{\376\377\166\370\171\373\211\302\155\113\145\160\133\371\124\315\136\224\116\016\133\232\117\115\166\204\137\161\124\315}{section.6}% 20
\BOOKMARK [1][-]{section.7}{\376\377\213\357\135\356\122\006\147\220\116\016\213\250\213\272}{}% 21
\BOOKMARK [2][-]{subsection.7.1}{\376\377\145\160\143\156\200\375\131\037\166\364\143\245\145\057\143\001\166\204\122\044\145\255}{section.7}% 22
\BOOKMARK [2][-]{subsection.7.2}{\376\377\123\357\200\375\166\204\121\161\124\014\213\357\135\356\147\145\156\220}{section.7}% 23
\BOOKMARK [2][-]{subsection.7.3}{\376\377\176\323\147\234\217\271\165\114}{section.7}% 24
\BOOKMARK [1][-]{section.8}{\376\377\176\323\213\272}{}% 25
\BOOKMARK [1][-]{section.9}{\376\377\131\015\163\260\121\145\123\343\116\016\145\160\143\156\145\207\116\366}{}% 26
